2025-08-28 12:39:28 [INFO] Cache cleared
2025-08-29 07:56:29 [CRITICAL] Email sent successfully
2025-08-29 05:27:42 [DEBUG] New user registered
2025-08-28 10:40:01 [WARNING] Service started
2025-08-29 01:58:02 [CRITICAL] File uploaded successfully
2025-08-28 09:31:45 [WARNING] User session expired
2025-08-28 11:02:42 [INFO] Email sent successfully
2025-08-28 09:42:58 [DEBUG] Connection to database established
2025-08-28 15:26:58 [WARNING] Service started
2025-08-28 18:04:17 [INFO] Disk space running low
2025-08-28 08:19:57 [DEBUG] Failed login attempt
2025-08-28 10:01:01 [DEBUG] Background job started
2025-08-28 09:24:41 [WARNING] Cache cleared
2025-08-28 15:50:43 [CRITICAL] New user registered
2025-08-28 08:34:23 [INFO] Timeout while connecting to API
2025-08-28 09:18:49 [DEBUG] Email sent successfully
2025-08-28 15:53:30 [INFO] Email sent successfully
2025-08-29 02:53:57 [INFO] Disk space running low
2025-08-28 08:13:29 [DEBUG] Invalid input received
2025-08-28 10:18:40 [DEBUG] Email sent successfully
2025-08-29 04:24:51 [DEBUG] Background job completed
2025-08-29 00:58:24 [INFO] New user registered
2025-08-29 07:00:52 [WARNING] Disk space running low
2025-08-28 18:33:47 [ERROR] Disk space running low
2025-08-29 02:17:28 [INFO] Configuration file loaded
2025-08-28 22:51:58 [INFO] Invalid input received
2025-08-28 23:10:20 [DEBUG] API response parsed
2025-08-28 10:04:43 [INFO] Configuration file loaded
2025-08-28 10:53:57 [INFO] Disk space running low
2025-08-28 13:51:31 [WARNING] Configuration file loaded
2025-08-29 06:08:12 [INFO] File uploaded successfully
2025-08-29 01:08:04 [WARNING] Invalid input received
2025-08-28 22:21:51 [CRITICAL] Configuration file loaded
2025-08-29 04:44:28 [INFO] Background job completed
2025-08-28 14:52:37 [DEBUG] User successfully logged in
2025-08-28 10:54:40 [WARNING] Connection to database established
2025-08-29 03:33:49 [INFO] Invalid input received
2025-08-29 01:18:38 [CRITICAL] Background job started
2025-08-29 04:50:49 [WARNING] Configuration file loaded
2025-08-28 22:32:39 [WARNING] Memory usage is high
2025-08-29 00:37:12 [ERROR] Connection to database established
2025-08-28 10:56:29 [DEBUG] Background job started
2025-08-29 00:41:28 [ERROR] Configuration file loaded
2025-08-28 18:04:56 [INFO] API response parsed
2025-08-28 16:00:06 [INFO] User session expired
2025-08-28 13:39:51 [WARNING] New user registered
2025-08-28 15:41:52 [CRITICAL] Configuration file loaded
2025-08-28 10:37:57 [WARNING] Cache cleared
2025-08-28 13:21:27 [ERROR] File not found
2025-08-28 12:01:34 [CRITICAL] Connection to database established
2025-08-29 02:49:09 [INFO] Background job started
2025-08-29 06:12:39 [ERROR] Configuration file loaded
2025-08-28 15:25:28 [WARNING] File not found
2025-08-28 12:45:07 [INFO] Background job started
2025-08-29 07:19:59 [DEBUG] Memory usage is high
2025-08-28 17:04:42 [INFO] Service started
2025-08-28 11:35:51 [DEBUG] Database query executed
2025-08-28 15:26:10 [DEBUG] File uploaded successfully
2025-08-29 06:28:47 [ERROR] New user registered
2025-08-28 18:00:45 [ERROR] Invalid input received
2025-08-29 07:21:29 [DEBUG] User session expired
2025-08-28 08:07:47 [WARNING] Permission denied for user action
2025-08-28 15:56:01 [CRITICAL] Email sent successfully
2025-08-29 07:50:55 [DEBUG] File uploaded successfully
2025-08-28 21:20:07 [WARNING] User session expired
2025-08-28 17:56:38 [CRITICAL] Database query executed
2025-08-29 07:18:27 [WARNING] Connection to database established
2025-08-28 19:47:08 [WARNING] Service started
2025-08-29 06:50:57 [INFO] API response parsed
2025-08-29 00:11:44 [ERROR] Timeout while connecting to API
2025-08-28 18:16:49 [DEBUG] Failed login attempt
2025-08-28 23:04:23 [CRITICAL] Email sent successfully
2025-08-28 20:28:34 [WARNING] Memory usage is high
2025-08-29 05:30:44 [INFO] Service started
2025-08-29 02:53:03 [ERROR] File uploaded successfully
2025-08-28 17:30:52 [WARNING] API response parsed
2025-08-29 01:20:00 [INFO] Connection to database established
2025-08-28 16:12:43 [DEBUG] Email sent successfully
2025-08-28 12:51:02 [WARNING] User successfully logged in
2025-08-29 03:40:22 [INFO] File uploaded successfully
2025-08-28 19:35:59 [WARNING] Email sent successfully
2025-08-28 18:41:36 [CRITICAL] File uploaded successfully
2025-08-28 16:18:18 [WARNING] Background job completed
2025-08-28 23:34:04 [INFO] Database query executed
2025-08-28 14:29:18 [CRITICAL] File not found
2025-08-28 19:33:16 [DEBUG] API response parsed
2025-08-29 05:27:15 [CRITICAL] Timeout while connecting to API
2025-08-28 23:50:36 [DEBUG] API response parsed
2025-08-28 16:04:19 [CRITICAL] Memory usage is high
2025-08-28 13:43:39 [ERROR] Background job completed
2025-08-28 10:04:28 [INFO] Connection to database established
2025-08-28 08:26:28 [DEBUG] Cache cleared
2025-08-28 23:48:11 [CRITICAL] User successfully logged in
2025-08-28 08:49:51 [ERROR] New user registered
2025-08-28 17:06:11 [CRITICAL] Disk space running low
2025-08-29 01:45:13 [CRITICAL] Background job completed
2025-08-29 07:37:08 [DEBUG] Failed login attempt
2025-08-28 14:45:55 [CRITICAL] Memory usage is high
2025-08-29 06:21:34 [DEBUG] File uploaded successfully
2025-08-28 22:00:56 [ERROR] Cache cleared